// Jest Snapshot v1, https://goo.gl/fbAQLP

exports[`Should render MovieCard 1`] = `
<article
  className="small-movie-card catalog__movies-card"
  onClick={[Function]}
  onMouseEnter={[Function]}
  onMouseLeave={[Function]}
>
  <div
    className="small-movie-card__image"
  >
    <img
      alt=""
      height="175"
      src=""
      width="280"
    />
    <h3
      className="small-movie-card__title"
    >
      <a
        className="small-movie-card__link"
      >
        
      </a>
    </h3>
  </div>
</article>
`;
