// Jest Snapshot v1, https://goo.gl/fbAQLP

exports[`Should render Board 1`] = `
Array [
  <ul
    className="catalog__genres-list"
  >
    <li
      className="catalog__genres-item catalog__genres-item"
    >
      <a
        className="catalog__genres-link"
        href="#"
        onClick={[Function]}
      >
        All genres
      </a>
    </li>
    <li
      className="catalog__genres-item catalog__genres-item"
    >
      <a
        className="catalog__genres-link"
        href="#"
        onClick={[Function]}
      >
        
      </a>
    </li>
  </ul>,
  <div
    className="catalog__movies-list"
  >
    <article
      className="small-movie-card catalog__movies-card"
      onClick={[Function]}
      onMouseEnter={[Function]}
      onMouseLeave={[Function]}
    >
      <div
        className="small-movie-card__image"
      >
        <img
          alt="1"
          height="175"
          src=""
          width="280"
        />
        <h3
          className="small-movie-card__title"
        >
          <a
            className="small-movie-card__link"
          >
            1
          </a>
        </h3>
      </div>
    </article>
  </div>,
  <div
    className="catalog__more"
  >
    <button
      className="catalog__button"
      onClick={[Function]}
      type="button"
    >
      Show more
    </button>
  </div>,
]
`;
